COMMAND: make pagination TYPE=offset OFFSET=50000 LIMIT=20

==== OUTPUT ====

k6 run \
	-e BASE_URL=http://3.39.39.25:3000/v1 \
	-e TYPE=offset \
	-e LIMIT=20 \
	-e OFFSET=50000 \
	-e CURSOR_DEPTH_PAGES= \
	loadtest/pagination.js

         /\      Grafana   /‾‾/  
    /\  /  \     |\  __   /  /   
   /  \/    \    | |/ /  /   ‾‾\ 
  /          \   |   (  |  (‾)  |
 / __________ \  |_|\_\  \_____/ 


     execution: local
        script: loadtest/pagination.js
        output: -

     scenarios: (100.00%) 1 scenario, 300 max VUs, 1m30s max duration (incl. graceful stop):
              * pagination_load: 100.00 iterations/s for 1m0s (maxVUs: 100-300, gracefulStop: 30s)


running (0m01.0s), 098/100 VUs, 0 complete and 0 interrupted iterations
pagination_load   [   2% ] 098/100 VUs  0m01.0s/1m0s  100.00 iters/s

running (0m02.0s), 149/149 VUs, 0 complete and 0 interrupted iterations
pagination_load   [   3% ] 149/149 VUs  0m02.0s/1m0s  100.00 iters/s

running (0m03.0s), 199/199 VUs, 0 complete and 0 interrupted iterations
pagination_load   [   5% ] 199/199 VUs  0m03.0s/1m0s  100.00 iters/s

running (0m04.0s), 249/249 VUs, 0 complete and 0 interrupted iterations
pagination_load   [   7% ] 249/249 VUs  0m04.0s/1m0s  100.00 iters/s

running (0m05.0s), 299/299 VUs, 0 complete and 0 interrupted iterations
pagination_load   [   8% ] 299/299 VUs  0m05.0s/1m0s  100.00 iters/s
time="2026-08-09T06:30:39Z" level=warning msg="Insufficient VUs, reached 300 active VUs and cannot initialize more" executor=constant-arrival-rate scenario=pagination_load

running (0m06.0s), 300/300 VUs, 10 complete and 0 interrupted iterations
pagination_load   [  10% ] 300/300 VUs  0m06.0s/1m0s  100.00 iters/s

running (0m07.0s), 300/300 VUs, 70 complete and 0 interrupted iterations
pagination_load   [  12% ] 300/300 VUs  0m07.0s/1m0s  100.00 iters/s

running (0m08.0s), 300/300 VUs, 122 complete and 0 interrupted iterations
pagination_load   [  13% ] 300/300 VUs  0m08.0s/1m0s  100.00 iters/s

running (0m09.0s), 300/300 VUs, 172 complete and 0 interrupted iterations
pagination_load   [  15% ] 300/300 VUs  0m09.0s/1m0s  100.00 iters/s

running (0m10.0s), 300/300 VUs, 225 complete and 0 interrupted iterations
pagination_load   [  17% ] 300/300 VUs  0m10.0s/1m0s  100.00 iters/s

running (0m11.0s), 300/300 VUs, 277 complete and 0 interrupted iterations
pagination_load   [  18% ] 300/300 VUs  0m11.0s/1m0s  100.00 iters/s

running (0m12.0s), 299/300 VUs, 330 complete and 0 interrupted iterations
pagination_load   [  20% ] 299/300 VUs  0m12.0s/1m0s  100.00 iters/s

running (0m13.0s), 300/300 VUs, 379 complete and 0 interrupted iterations
pagination_load   [  22% ] 300/300 VUs  0m13.0s/1m0s  100.00 iters/s

running (0m14.0s), 300/300 VUs, 428 complete and 0 interrupted iterations
pagination_load   [  23% ] 300/300 VUs  0m14.0s/1m0s  100.00 iters/s

running (0m15.0s), 300/300 VUs, 476 complete and 0 interrupted iterations
pagination_load   [  25% ] 300/300 VUs  0m15.0s/1m0s  100.00 iters/s

running (0m16.0s), 300/300 VUs, 527 complete and 0 interrupted iterations
pagination_load   [  27% ] 300/300 VUs  0m16.0s/1m0s  100.00 iters/s

running (0m17.0s), 300/300 VUs, 581 complete and 0 interrupted iterations
pagination_load   [  28% ] 300/300 VUs  0m17.0s/1m0s  100.00 iters/s

running (0m18.0s), 300/300 VUs, 631 complete and 0 interrupted iterations
pagination_load   [  30% ] 300/300 VUs  0m18.0s/1m0s  100.00 iters/s

running (0m19.0s), 300/300 VUs, 686 complete and 0 interrupted iterations
pagination_load   [  32% ] 300/300 VUs  0m19.0s/1m0s  100.00 iters/s

running (0m20.0s), 300/300 VUs, 738 complete and 0 interrupted iterations
pagination_load   [  33% ] 300/300 VUs  0m20.0s/1m0s  100.00 iters/s

running (0m21.0s), 300/300 VUs, 788 complete and 0 interrupted iterations
pagination_load   [  35% ] 300/300 VUs  0m21.0s/1m0s  100.00 iters/s

running (0m22.0s), 299/300 VUs, 838 complete and 0 interrupted iterations
pagination_load   [  37% ] 299/300 VUs  0m22.0s/1m0s  100.00 iters/s

running (0m23.0s), 300/300 VUs, 891 complete and 0 interrupted iterations
pagination_load   [  38% ] 300/300 VUs  0m23.0s/1m0s  100.00 iters/s

running (0m24.0s), 300/300 VUs, 945 complete and 0 interrupted iterations
pagination_load   [  40% ] 300/300 VUs  0m24.0s/1m0s  100.00 iters/s

running (0m25.0s), 300/300 VUs, 994 complete and 0 interrupted iterations
pagination_load   [  42% ] 300/300 VUs  0m25.0s/1m0s  100.00 iters/s

running (0m26.0s), 300/300 VUs, 1043 complete and 0 interrupted iterations
pagination_load   [  43% ] 300/300 VUs  0m26.0s/1m0s  100.00 iters/s

running (0m27.0s), 300/300 VUs, 1096 complete and 0 interrupted iterations
pagination_load   [  45% ] 300/300 VUs  0m27.0s/1m0s  100.00 iters/s

running (0m28.0s), 300/300 VUs, 1148 complete and 0 interrupted iterations
pagination_load   [  47% ] 300/300 VUs  0m28.0s/1m0s  100.00 iters/s

running (0m29.0s), 300/300 VUs, 1199 complete and 0 interrupted iterations
pagination_load   [  48% ] 300/300 VUs  0m29.0s/1m0s  100.00 iters/s

running (0m30.0s), 300/300 VUs, 1244 complete and 0 interrupted iterations
pagination_load   [  50% ] 300/300 VUs  0m30.0s/1m0s  100.00 iters/s

running (0m31.0s), 300/300 VUs, 1294 complete and 0 interrupted iterations
pagination_load   [  52% ] 300/300 VUs  0m31.0s/1m0s  100.00 iters/s

running (0m32.0s), 299/300 VUs, 1348 complete and 0 interrupted iterations
pagination_load   [  53% ] 299/300 VUs  0m32.0s/1m0s  100.00 iters/s

running (0m33.0s), 299/300 VUs, 1403 complete and 0 interrupted iterations
pagination_load   [  55% ] 299/300 VUs  0m33.0s/1m0s  100.00 iters/s

running (0m34.0s), 300/300 VUs, 1452 complete and 0 interrupted iterations
pagination_load   [  57% ] 300/300 VUs  0m34.0s/1m0s  100.00 iters/s

running (0m35.0s), 299/300 VUs, 1505 complete and 0 interrupted iterations
pagination_load   [  58% ] 299/300 VUs  0m35.0s/1m0s  100.00 iters/s

running (0m36.0s), 300/300 VUs, 1560 complete and 0 interrupted iterations
pagination_load   [  60% ] 300/300 VUs  0m36.0s/1m0s  100.00 iters/s

running (0m37.0s), 300/300 VUs, 1614 complete and 0 interrupted iterations
pagination_load   [  62% ] 300/300 VUs  0m37.0s/1m0s  100.00 iters/s

running (0m38.0s), 300/300 VUs, 1668 complete and 0 interrupted iterations
pagination_load   [  63% ] 300/300 VUs  0m38.0s/1m0s  100.00 iters/s

running (0m39.0s), 300/300 VUs, 1722 complete and 0 interrupted iterations
pagination_load   [  65% ] 300/300 VUs  0m39.0s/1m0s  100.00 iters/s

running (0m40.0s), 300/300 VUs, 1776 complete and 0 interrupted iterations
pagination_load   [  67% ] 300/300 VUs  0m40.0s/1m0s  100.00 iters/s

running (0m41.0s), 300/300 VUs, 1831 complete and 0 interrupted iterations
pagination_load   [  68% ] 300/300 VUs  0m41.0s/1m0s  100.00 iters/s

running (0m42.0s), 300/300 VUs, 1885 complete and 0 interrupted iterations
pagination_load   [  70% ] 300/300 VUs  0m42.0s/1m0s  100.00 iters/s

running (0m43.0s), 300/300 VUs, 1941 complete and 0 interrupted iterations
pagination_load   [  72% ] 300/300 VUs  0m43.0s/1m0s  100.00 iters/s

running (0m44.0s), 300/300 VUs, 1995 complete and 0 interrupted iterations
pagination_load   [  73% ] 300/300 VUs  0m44.0s/1m0s  100.00 iters/s

running (0m45.0s), 300/300 VUs, 2045 complete and 0 interrupted iterations
pagination_load   [  75% ] 300/300 VUs  0m45.0s/1m0s  100.00 iters/s

running (0m46.0s), 300/300 VUs, 2097 complete and 0 interrupted iterations
pagination_load   [  77% ] 300/300 VUs  0m46.0s/1m0s  100.00 iters/s

running (0m47.0s), 300/300 VUs, 2153 complete and 0 interrupted iterations
pagination_load   [  78% ] 300/300 VUs  0m47.0s/1m0s  100.00 iters/s

running (0m48.0s), 300/300 VUs, 2206 complete and 0 interrupted iterations
pagination_load   [  80% ] 300/300 VUs  0m48.0s/1m0s  100.00 iters/s

running (0m49.0s), 299/300 VUs, 2261 complete and 0 interrupted iterations
pagination_load   [  82% ] 299/300 VUs  0m49.0s/1m0s  100.00 iters/s

running (0m50.0s), 299/300 VUs, 2317 complete and 0 interrupted iterations
pagination_load   [  83% ] 299/300 VUs  0m50.0s/1m0s  100.00 iters/s

running (0m51.0s), 300/300 VUs, 2370 complete and 0 interrupted iterations
pagination_load   [  85% ] 300/300 VUs  0m51.0s/1m0s  100.00 iters/s

running (0m52.0s), 300/300 VUs, 2422 complete and 0 interrupted iterations
pagination_load   [  87% ] 300/300 VUs  0m52.0s/1m0s  100.00 iters/s

running (0m53.0s), 300/300 VUs, 2479 complete and 0 interrupted iterations
pagination_load   [  88% ] 300/300 VUs  0m53.0s/1m0s  100.00 iters/s

running (0m54.0s), 297/300 VUs, 2535 complete and 0 interrupted iterations
pagination_load   [  90% ] 297/300 VUs  0m54.0s/1m0s  100.00 iters/s

running (0m55.0s), 298/300 VUs, 2585 complete and 0 interrupted iterations
pagination_load   [  92% ] 298/300 VUs  0m55.0s/1m0s  100.00 iters/s

running (0m56.0s), 298/300 VUs, 2638 complete and 0 interrupted iterations
pagination_load   [  93% ] 298/300 VUs  0m56.0s/1m0s  100.00 iters/s

running (0m57.0s), 300/300 VUs, 2692 complete and 0 interrupted iterations
pagination_load   [  95% ] 300/300 VUs  0m57.0s/1m0s  100.00 iters/s

running (0m58.0s), 298/300 VUs, 2748 complete and 0 interrupted iterations
pagination_load   [  97% ] 298/300 VUs  0m58.0s/1m0s  100.00 iters/s

running (0m59.0s), 300/300 VUs, 2802 complete and 0 interrupted iterations
pagination_load   [  98% ] 300/300 VUs  0m59.0s/1m0s  100.00 iters/s

running (1m00.0s), 298/300 VUs, 2844 complete and 0 interrupted iterations
pagination_load   [ 100% ] 298/300 VUs  1m00.0s/1m0s  100.00 iters/s

running (1m01.0s), 249/300 VUs, 2896 complete and 0 interrupted iterations
pagination_load ↓ [ 100% ] 300/300 VUs  1m0s  100.00 iters/s

running (1m02.0s), 197/300 VUs, 2948 complete and 0 interrupted iterations
pagination_load ↓ [ 100% ] 300/300 VUs  1m0s  100.00 iters/s

running (1m03.0s), 140/300 VUs, 3005 complete and 0 interrupted iterations
pagination_load ↓ [ 100% ] 300/300 VUs  1m0s  100.00 iters/s

running (1m04.0s), 087/300 VUs, 3058 complete and 0 interrupted iterations
pagination_load ↓ [ 100% ] 300/300 VUs  1m0s  100.00 iters/s

running (1m05.0s), 030/300 VUs, 3115 complete and 0 interrupted iterations
pagination_load ↓ [ 100% ] 300/300 VUs  1m0s  100.00 iters/s


  █ THRESHOLDS 

    http_req_duration
    ✗ 'p(95)<500' p(95)=9.56s

    http_req_failed
    ✓ 'rate<0.01' rate=0.00%


  █ TOTAL RESULTS 

    checks_total.......: 3145    48.075278/s
    checks_succeeded...: 100.00% 3145 out of 3145
    checks_failed......: 0.00%   0 out of 3145

    ✓ status is 200

    HTTP
    http_req_duration..............: avg=5.77s min=1.82s med=5.74s max=17.71s p(90)=9.2s p(95)=9.56s
      { expected_response:true }...: avg=5.77s min=1.82s med=5.74s max=17.71s p(90)=9.2s p(95)=9.56s
    http_req_failed................: 0.00%  0 out of 3145
    http_reqs......................: 3145   48.075278/s

    EXECUTION
    dropped_iterations.............: 2856   43.65755/s
    iteration_duration.............: avg=5.77s min=1.82s med=5.74s max=17.71s p(90)=9.2s p(95)=9.56s
    iterations.....................: 3145   48.075278/s
    vus............................: 30     min=30        max=300
    vus_max........................: 300    min=100       max=300

    NETWORK
    data_received..................: 12 MB  189 kB/s
    data_sent......................: 318 kB 4.9 kB/s




running (1m05.4s), 000/300 VUs, 3145 complete and 0 interrupted iterations
pagination_load ✓ [ 100% ] 000/300 VUs  1m0s  100.00 iters/s
time="2026-08-09T06:31:39Z" level=error msg="thresholds on metrics 'http_req_duration' have been crossed"
make: *** [Makefile:15: pagination] Error 99
