COMMAND: make pagination TYPE=offset OFFSET=50000 LIMIT=20

==== OUTPUT ====

k6 run \
	-e BASE_URL=http://3.39.39.25:3000/v1 \
	-e TYPE=offset \
	-e LIMIT=20 \
	-e OFFSET=50000 \
	-e CURSOR_DEPTH_PAGES= \
	loadtest/pagination.js

         /\      Grafana   /‾‾/  
    /\  /  \     |\  __   /  /   
   /  \/    \    | |/ /  /   ‾‾\ 
  /          \   |   (  |  (‾)  |
 / __________ \  |_|\_\  \_____/ 


     execution: local
        script: loadtest/pagination.js
        output: -

     scenarios: (100.00%) 1 scenario, 300 max VUs, 1m30s max duration (incl. graceful stop):
              * pagination_load: 100.00 iterations/s for 1m0s (maxVUs: 100-300, gracefulStop: 30s)


running (0m01.0s), 053/100 VUs, 45 complete and 0 interrupted iterations
pagination_load   [   2% ] 053/100 VUs  0m01.0s/1m0s  100.00 iters/s

running (0m02.0s), 103/103 VUs, 92 complete and 0 interrupted iterations
pagination_load   [   3% ] 103/103 VUs  0m02.0s/1m0s  100.00 iters/s

running (0m03.0s), 131/131 VUs, 136 complete and 0 interrupted iterations
pagination_load   [   5% ] 131/131 VUs  0m03.0s/1m0s  100.00 iters/s

running (0m04.0s), 151/153 VUs, 194 complete and 0 interrupted iterations
pagination_load   [   7% ] 151/153 VUs  0m04.0s/1m0s  100.00 iters/s

running (0m05.0s), 175/176 VUs, 247 complete and 0 interrupted iterations
pagination_load   [   8% ] 175/176 VUs  0m05.0s/1m0s  100.00 iters/s

running (0m06.0s), 199/199 VUs, 300 complete and 0 interrupted iterations
pagination_load   [  10% ] 199/199 VUs  0m06.0s/1m0s  100.00 iters/s

running (0m07.0s), 220/222 VUs, 356 complete and 0 interrupted iterations
pagination_load   [  12% ] 220/222 VUs  0m07.0s/1m0s  100.00 iters/s

running (0m08.0s), 243/244 VUs, 411 complete and 0 interrupted iterations
pagination_load   [  13% ] 243/244 VUs  0m08.0s/1m0s  100.00 iters/s

running (0m09.0s), 266/267 VUs, 465 complete and 0 interrupted iterations
pagination_load   [  15% ] 266/267 VUs  0m09.0s/1m0s  100.00 iters/s

running (0m10.0s), 290/290 VUs, 518 complete and 0 interrupted iterations
pagination_load   [  17% ] 290/290 VUs  0m10.0s/1m0s  100.00 iters/s
time="2026-08-09T07:06:42Z" level=warning msg="Insufficient VUs, reached 300 active VUs and cannot initialize more" executor=constant-arrival-rate scenario=pagination_load

running (0m11.0s), 300/300 VUs, 567 complete and 0 interrupted iterations
pagination_load   [  18% ] 300/300 VUs  0m11.0s/1m0s  100.00 iters/s

running (0m12.0s), 300/300 VUs, 617 complete and 0 interrupted iterations
pagination_load   [  20% ] 300/300 VUs  0m12.0s/1m0s  100.00 iters/s

running (0m13.0s), 300/300 VUs, 670 complete and 0 interrupted iterations
pagination_load   [  22% ] 300/300 VUs  0m13.0s/1m0s  100.00 iters/s

running (0m14.0s), 300/300 VUs, 718 complete and 0 interrupted iterations
pagination_load   [  23% ] 300/300 VUs  0m14.0s/1m0s  100.00 iters/s

running (0m15.0s), 300/300 VUs, 768 complete and 0 interrupted iterations
pagination_load   [  25% ] 300/300 VUs  0m15.0s/1m0s  100.00 iters/s

running (0m16.0s), 298/300 VUs, 815 complete and 0 interrupted iterations
pagination_load   [  27% ] 298/300 VUs  0m16.0s/1m0s  100.00 iters/s

running (0m17.0s), 300/300 VUs, 859 complete and 0 interrupted iterations
pagination_load   [  28% ] 300/300 VUs  0m17.0s/1m0s  100.00 iters/s

running (0m18.0s), 300/300 VUs, 911 complete and 0 interrupted iterations
pagination_load   [  30% ] 300/300 VUs  0m18.0s/1m0s  100.00 iters/s

running (0m19.0s), 298/300 VUs, 963 complete and 0 interrupted iterations
pagination_load   [  32% ] 298/300 VUs  0m19.0s/1m0s  100.00 iters/s

running (0m20.0s), 300/300 VUs, 1016 complete and 0 interrupted iterations
pagination_load   [  33% ] 300/300 VUs  0m20.0s/1m0s  100.00 iters/s

running (0m21.0s), 300/300 VUs, 1069 complete and 0 interrupted iterations
pagination_load   [  35% ] 300/300 VUs  0m21.0s/1m0s  100.00 iters/s

running (0m22.0s), 300/300 VUs, 1125 complete and 0 interrupted iterations
pagination_load   [  37% ] 300/300 VUs  0m22.0s/1m0s  100.00 iters/s

running (0m23.0s), 299/300 VUs, 1181 complete and 0 interrupted iterations
pagination_load   [  38% ] 299/300 VUs  0m23.0s/1m0s  100.00 iters/s

running (0m24.0s), 300/300 VUs, 1234 complete and 0 interrupted iterations
pagination_load   [  40% ] 300/300 VUs  0m24.0s/1m0s  100.00 iters/s

running (0m25.0s), 299/300 VUs, 1291 complete and 0 interrupted iterations
pagination_load   [  42% ] 299/300 VUs  0m25.0s/1m0s  100.00 iters/s

running (0m26.0s), 300/300 VUs, 1344 complete and 0 interrupted iterations
pagination_load   [  43% ] 300/300 VUs  0m26.0s/1m0s  100.00 iters/s

running (0m27.0s), 300/300 VUs, 1397 complete and 0 interrupted iterations
pagination_load   [  45% ] 300/300 VUs  0m27.0s/1m0s  100.00 iters/s

running (0m28.0s), 300/300 VUs, 1441 complete and 0 interrupted iterations
pagination_load   [  47% ] 300/300 VUs  0m28.0s/1m0s  100.00 iters/s

running (0m29.0s), 300/300 VUs, 1495 complete and 0 interrupted iterations
pagination_load   [  48% ] 300/300 VUs  0m29.0s/1m0s  100.00 iters/s

running (0m30.0s), 300/300 VUs, 1547 complete and 0 interrupted iterations
pagination_load   [  50% ] 300/300 VUs  0m30.0s/1m0s  100.00 iters/s

running (0m31.0s), 298/300 VUs, 1600 complete and 0 interrupted iterations
pagination_load   [  52% ] 298/300 VUs  0m31.0s/1m0s  100.00 iters/s

running (0m32.0s), 300/300 VUs, 1648 complete and 0 interrupted iterations
pagination_load   [  53% ] 300/300 VUs  0m32.0s/1m0s  100.00 iters/s

running (0m33.0s), 300/300 VUs, 1699 complete and 0 interrupted iterations
pagination_load   [  55% ] 300/300 VUs  0m33.0s/1m0s  100.00 iters/s

running (0m34.0s), 300/300 VUs, 1756 complete and 0 interrupted iterations
pagination_load   [  57% ] 300/300 VUs  0m34.0s/1m0s  100.00 iters/s

running (0m35.0s), 299/300 VUs, 1811 complete and 0 interrupted iterations
pagination_load   [  58% ] 299/300 VUs  0m35.0s/1m0s  100.00 iters/s

running (0m36.0s), 300/300 VUs, 1866 complete and 0 interrupted iterations
pagination_load   [  60% ] 300/300 VUs  0m36.0s/1m0s  100.00 iters/s

running (0m37.0s), 298/300 VUs, 1921 complete and 0 interrupted iterations
pagination_load   [  62% ] 298/300 VUs  0m37.0s/1m0s  100.00 iters/s

running (0m38.0s), 300/300 VUs, 1973 complete and 0 interrupted iterations
pagination_load   [  63% ] 300/300 VUs  0m38.0s/1m0s  100.00 iters/s

running (0m39.0s), 300/300 VUs, 2028 complete and 0 interrupted iterations
pagination_load   [  65% ] 300/300 VUs  0m39.0s/1m0s  100.00 iters/s

running (0m40.0s), 298/300 VUs, 2084 complete and 0 interrupted iterations
pagination_load   [  67% ] 298/300 VUs  0m40.0s/1m0s  100.00 iters/s

running (0m41.0s), 299/300 VUs, 2140 complete and 0 interrupted iterations
pagination_load   [  68% ] 299/300 VUs  0m41.0s/1m0s  100.00 iters/s

running (0m42.0s), 300/300 VUs, 2191 complete and 0 interrupted iterations
pagination_load   [  70% ] 300/300 VUs  0m42.0s/1m0s  100.00 iters/s

running (0m43.0s), 300/300 VUs, 2248 complete and 0 interrupted iterations
pagination_load   [  72% ] 300/300 VUs  0m43.0s/1m0s  100.00 iters/s

running (0m44.0s), 298/300 VUs, 2303 complete and 0 interrupted iterations
pagination_load   [  73% ] 298/300 VUs  0m44.0s/1m0s  100.00 iters/s

running (0m45.0s), 299/300 VUs, 2359 complete and 0 interrupted iterations
pagination_load   [  75% ] 299/300 VUs  0m45.0s/1m0s  100.00 iters/s

running (0m46.0s), 300/300 VUs, 2410 complete and 0 interrupted iterations
pagination_load   [  77% ] 300/300 VUs  0m46.0s/1m0s  100.00 iters/s

running (0m47.0s), 300/300 VUs, 2458 complete and 0 interrupted iterations
pagination_load   [  78% ] 300/300 VUs  0m47.0s/1m0s  100.00 iters/s

running (0m48.0s), 300/300 VUs, 2514 complete and 0 interrupted iterations
pagination_load   [  80% ] 300/300 VUs  0m48.0s/1m0s  100.00 iters/s

running (0m49.0s), 300/300 VUs, 2564 complete and 0 interrupted iterations
pagination_load   [  82% ] 300/300 VUs  0m49.0s/1m0s  100.00 iters/s

running (0m50.0s), 300/300 VUs, 2619 complete and 0 interrupted iterations
pagination_load   [  83% ] 300/300 VUs  0m50.0s/1m0s  100.00 iters/s

running (0m51.0s), 299/300 VUs, 2672 complete and 0 interrupted iterations
pagination_load   [  85% ] 299/300 VUs  0m51.0s/1m0s  100.00 iters/s

running (0m52.0s), 300/300 VUs, 2728 complete and 0 interrupted iterations
pagination_load   [  87% ] 300/300 VUs  0m52.0s/1m0s  100.00 iters/s

running (0m53.0s), 297/300 VUs, 2784 complete and 0 interrupted iterations
pagination_load   [  88% ] 297/300 VUs  0m53.0s/1m0s  100.00 iters/s

running (0m54.0s), 300/300 VUs, 2838 complete and 0 interrupted iterations
pagination_load   [  90% ] 300/300 VUs  0m54.0s/1m0s  100.00 iters/s

running (0m55.0s), 300/300 VUs, 2891 complete and 0 interrupted iterations
pagination_load   [  92% ] 300/300 VUs  0m55.0s/1m0s  100.00 iters/s

running (0m56.0s), 299/300 VUs, 2948 complete and 0 interrupted iterations
pagination_load   [  93% ] 299/300 VUs  0m56.0s/1m0s  100.00 iters/s

running (0m57.0s), 300/300 VUs, 3000 complete and 0 interrupted iterations
pagination_load   [  95% ] 300/300 VUs  0m57.0s/1m0s  100.00 iters/s

running (0m58.0s), 299/300 VUs, 3054 complete and 0 interrupted iterations
pagination_load   [  97% ] 299/300 VUs  0m58.0s/1m0s  100.00 iters/s

running (0m59.0s), 300/300 VUs, 3106 complete and 0 interrupted iterations
pagination_load   [  98% ] 300/300 VUs  0m59.0s/1m0s  100.00 iters/s

running (1m00.0s), 300/300 VUs, 3164 complete and 0 interrupted iterations
pagination_load   [ 100% ] 300/300 VUs  1m00.0s/1m0s  100.00 iters/s

running (1m01.0s), 245/300 VUs, 3219 complete and 0 interrupted iterations
pagination_load ↓ [ 100% ] 300/300 VUs  1m0s  100.00 iters/s

running (1m02.0s), 195/300 VUs, 3269 complete and 0 interrupted iterations
pagination_load ↓ [ 100% ] 300/300 VUs  1m0s  100.00 iters/s

running (1m03.0s), 143/300 VUs, 3321 complete and 0 interrupted iterations
pagination_load ↓ [ 100% ] 300/300 VUs  1m0s  100.00 iters/s

running (1m04.0s), 088/300 VUs, 3376 complete and 0 interrupted iterations
pagination_load ↓ [ 100% ] 300/300 VUs  1m0s  100.00 iters/s

running (1m05.0s), 036/300 VUs, 3428 complete and 0 interrupted iterations
pagination_load ↓ [ 100% ] 300/300 VUs  1m0s  100.00 iters/s


  █ THRESHOLDS 

    http_req_duration
    ✗ 'p(95)<500' p(95)=9.45s

    http_req_failed
    ✓ 'rate<0.01' rate=0.00%


  █ TOTAL RESULTS 

    checks_total.......: 3464    52.864413/s
    checks_succeeded...: 100.00% 3464 out of 3464
    checks_failed......: 0.00%   0 out of 3464

    ✓ status is 200

    HTTP
    http_req_duration..............: avg=5.05s min=49.52ms med=5.48s max=19.68s p(90)=9.1s p(95)=9.45s
      { expected_response:true }...: avg=5.05s min=49.52ms med=5.48s max=19.68s p(90)=9.1s p(95)=9.45s
    http_req_failed................: 0.00%  0 out of 3464
    http_reqs......................: 3464   52.864413/s

    EXECUTION
    dropped_iterations.............: 2536   38.702122/s
    iteration_duration.............: avg=5.05s min=50.77ms med=5.48s max=19.68s p(90)=9.1s p(95)=9.45s
    iterations.....................: 3464   52.864413/s
    vus............................: 36     min=36        max=300
    vus_max........................: 300    min=100       max=300

    NETWORK
    data_received..................: 14 MB  208 kB/s
    data_sent......................: 350 kB 5.3 kB/s




running (1m05.5s), 000/300 VUs, 3464 complete and 0 interrupted iterations
pagination_load ✓ [ 100% ] 000/300 VUs  1m0s  100.00 iters/s
time="2026-08-09T07:07:37Z" level=error msg="thresholds on metrics 'http_req_duration' have been crossed"
make: *** [Makefile:15: pagination] Error 99
